app/(ai)/ai-search/actions.ts(67,25): error TS2322: Type '{ OR: ({ name: { contains: string; mode: string; }; description?: undefined; } | { description: { contains: string; mode: string; }; name?: undefined; })[]; }[]' is not assignable to type 'ProductWhereInput[]'.
  Type '{ OR: ({ name: { contains: string; mode: string; }; description?: undefined; } | { description: { contains: string; mode: string; }; name?: undefined; })[]; }' is not assignable to type 'ProductWhereInput'.
    Types of property 'OR' are incompatible.
      Type '({ name: { contains: string; mode: string; }; description?: undefined; } | { description: { contains: string; mode: string; }; name?: undefined; })[]' is not assignable to type 'ProductWhereInput[]'.
        Type '{ name: { contains: string; mode: string; }; description?: undefined; } | { description: { contains: string; mode: string; }; name?: undefined; }' is not assignable to type 'ProductWhereInput'.
          Type '{ name: { contains: string; mode: string; }; description?: undefined; }' is not assignable to type 'ProductWhereInput'.
            Types of property 'name' are incompatible.
              Type '{ contains: string; mode: string; }' is not assignable to type 'string | StringFilter<"Product"> | undefined'.
                Type '{ contains: string; mode: string; }' is not assignable to type 'StringFilter<"Product">'.
                  Types of property 'mode' are incompatible.
                    Type 'string' is not assignable to type 'QueryMode | undefined'.
app/(commerce)/orders/[id]/page.tsx(179,53): error TS2339: Property 'eta' does not exist on type '{ id: string; createdAt: Date; status: string; trackingNumber: string | null; orderId: string; labelUrl: string | null; carrier: string | null; service: string | null; }'.
app/(commerce)/orders/[id]/page.tsx(181,75): error TS2339: Property 'eta' does not exist on type '{ id: string; createdAt: Date; status: string; trackingNumber: string | null; orderId: string; labelUrl: string | null; carrier: string | null; service: string | null; }'.
app/(commerce)/orders/[id]/page.tsx(191,71): error TS2339: Property 'provider' does not exist on type '{ id: string; createdAt: Date; status: PaymentStatus; amount: number; orderId: string; currency: string; paymentMethod: string | null; stripePaymentIntentId: string | null; }'.
app/(commerce)/orders/[id]/page.tsx(192,89): error TS2367: This comparison appears to be unintentional because the types 'PaymentStatus' and '"COMPLETED"' have no overlap.
app/(content)/contact/actions.ts(36,22): error TS2339: Property 'contact' does not exist on type 'DynamicClientExtensionThis<TypeMap<InternalArgs & { result: {}; model: { $allModels: { aggregate: () => <This, FormalArgs extends _prisma_client_runtime_client.Args<This, "aggregate"> & PrismaCacheStrategy, const ActualArgs extends FormalArgs>(this: This, args: { [key in keyof ActualArgs]: key extends keyof FormalAr...'.
app/actions/personalization.ts(58,17): error TS2561: Object literal may only specify known properties, but 'categoryId' does not exist in type 'ProductWhereInput'. Did you mean to write 'categories'?
app/api/webhooks/stripe/route.ts(50,92): error TS2367: This comparison appears to be unintentional because the types 'PaymentStatus' and '"COMPLETED"' have no overlap.
app/api/webhooks/stripe/route.ts(142,25): error TS2322: Type '"COMPLETED"' is not assignable to type '"PAID" | "REFUNDED" | "FAILED" | "PENDING" | EnumPaymentStatusFieldUpdateOperationsInput | { set?: Exact<PaymentStatus | undefined, PaymentStatus | undefined>; } | undefined'.
app/api/webhooks/stripe/route.ts(148,33): error TS2322: Type '"COMPLETED"' is not assignable to type '"PAID" | "REFUNDED" | "FAILED" | "PENDING"'.
app/dashboard/campaigns/actions.ts(20,77): error TS2561: Object literal may only specify known properties, but 'categoryId' does not exist in type 'ProductSelect<InternalArgs & { result: {}; model: { $allModels: { aggregate: () => <This, FormalArgs extends _prisma_client_runtime_client.Args<This, "aggregate"> & PrismaCacheStrategy, const ActualArgs extends FormalArgs>(this: This, args: { [key in keyof ActualArgs]: key extends keyof FormalArgs ? ActualArgs[key] ...'. Did you mean to write 'categories'?
app/dashboard/contact/actions.ts(13,22): error TS2339: Property 'contact' does not exist on type 'DynamicClientExtensionThis<TypeMap<InternalArgs & { result: {}; model: { $allModels: { aggregate: () => <This, FormalArgs extends _prisma_client_runtime_client.Args<This, "aggregate"> & PrismaCacheStrategy, const ActualArgs extends FormalArgs>(this: This, args: { [key in keyof ActualArgs]: key extends keyof FormalAr...'.
app/dashboard/contact/actions.ts(31,22): error TS2339: Property 'contact' does not exist on type 'DynamicClientExtensionThis<TypeMap<InternalArgs & { result: {}; model: { $allModels: { aggregate: () => <This, FormalArgs extends _prisma_client_runtime_client.Args<This, "aggregate"> & PrismaCacheStrategy, const ActualArgs extends FormalArgs>(this: This, args: { [key in keyof ActualArgs]: key extends keyof FormalAr...'.
app/dashboard/contact/page.tsx(21,35): error TS2339: Property 'contact' does not exist on type 'DynamicClientExtensionThis<TypeMap<InternalArgs & { result: {}; model: { $allModels: { aggregate: () => <This, FormalArgs extends _prisma_client_runtime_client.Args<This, "aggregate"> & PrismaCacheStrategy, const ActualArgs extends FormalArgs>(this: This, args: { [key in keyof ActualArgs]: key extends keyof FormalAr...'.
app/dashboard/orders/actions.ts(213,28): error TS2339: Property 'transactionId' does not exist on type '{ id: string; createdAt: Date; status: PaymentStatus; amount: number; orderId: string; currency: string; paymentMethod: string | null; stripePaymentIntentId: string | null; }'.
app/dashboard/orders/actions.ts(214,55): error TS2339: Property 'transactionId' does not exist on type '{ id: string; createdAt: Date; status: PaymentStatus; amount: number; orderId: string; currency: string; paymentMethod: string | null; stripePaymentIntentId: string | null; }'.
app/dashboard/page.tsx(54,24): error TS2561: Object literal may only specify known properties, but 'User' does not exist in type 'ReviewInclude<InternalArgs & { result: {}; model: { $allModels: { aggregate: () => <This, FormalArgs extends _prisma_client_runtime_client.Args<This, "aggregate"> & PrismaCacheStrategy, const ActualArgs extends FormalArgs>(this: This, args: { [key in keyof ActualArgs]: key extends keyof FormalArgs ? ActualArgs[key] ...'. Did you mean to write 'user'?
app/dashboard/security/page.tsx(138,13): error TS2353: Object literal may only specify known properties, and 'isHidden' does not exist in type 'ReviewWhereInput'.
app/dashboard/security/page.tsx(143,13): error TS2561: Object literal may only specify known properties, but 'User' does not exist in type 'ReviewInclude<InternalArgs & { result: {}; model: { $allModels: { aggregate: () => <This, FormalArgs extends _prisma_client_runtime_client.Args<This, "aggregate"> & PrismaCacheStrategy, const ActualArgs extends FormalArgs>(this: This, args: { [key in keyof ActualArgs]: key extends keyof FormalArgs ? ActualArgs[key] ...'. Did you mean to write 'user'?
app/dashboard/security/page.tsx(167,62): error TS2353: Object literal may only specify known properties, and 'isHidden' does not exist in type 'ReviewWhereInput'.
app/dashboard/security/page.tsx(213,18): error TS2561: Object literal may only specify known properties, but 'categoryId' does not exist in type 'ProductWhereInput'. Did you mean to write 'categories'?
app/dashboard/security/page.tsx(245,13): error TS2561: Object literal may only specify known properties, but 'isActive' does not exist in type 'DiscountWhereInput'. Did you mean to write 'active'?
app/dashboard/security/page.tsx(261,44): error TS2339: Property 'contact' does not exist on type 'DynamicClientExtensionThis<TypeMap<InternalArgs & { result: {}; model: { $allModels: { aggregate: () => <This, FormalArgs extends _prisma_client_runtime_client.Args<This, "aggregate"> & PrismaCacheStrategy, const ActualArgs extends FormalArgs>(this: This, args: { [key in keyof ActualArgs]: key extends keyof FormalAr...'.
app/store/actions.ts(230,13): error TS2561: Object literal may only specify known properties, but 'categoryId' does not exist in type '(Without<ProductCreateInput, ProductUncheckedCreateInput> & ProductUncheckedCreateInput) | (Without<...> & ProductCreateInput)'. Did you mean to write 'categories'?
app/store/actions.ts(272,13): error TS2561: Object literal may only specify known properties, but 'categoryId' does not exist in type '(Without<ProductUpdateInput, ProductUncheckedUpdateInput> & ProductUncheckedUpdateInput) | (Without<...> & ProductUpdateInput)'. Did you mean to write 'categories'?
app/store/actions.ts(653,36): error TS2551: Property 'isActive' does not exist on type '{ id: string; createdAt: Date; amount: number; type: string; code: string; active: boolean; }'. Did you mean 'active'?
app/store/actions.ts(657,22): error TS2339: Property 'expiresAt' does not exist on type '{ id: string; createdAt: Date; amount: number; type: string; code: string; active: boolean; }'.
app/store/actions.ts(657,44): error TS2339: Property 'expiresAt' does not exist on type '{ id: string; createdAt: Date; amount: number; type: string; code: string; active: boolean; }'.
app/store/actions.ts(672,54): error TS2339: Property 'percentage' does not exist on type '{ id: string; createdAt: Date; amount: number; type: string; code: string; active: boolean; }'.
app/store/dashboard/contact/actions.ts(14,22): error TS2339: Property 'contact' does not exist on type 'DynamicClientExtensionThis<TypeMap<InternalArgs & { result: {}; model: { $allModels: { aggregate: () => <This, FormalArgs extends _prisma_client_runtime_client.Args<This, "aggregate"> & PrismaCacheStrategy, const ActualArgs extends FormalArgs>(this: This, args: { [key in keyof ActualArgs]: key extends keyof FormalAr...'.
app/store/dashboard/contact/actions.ts(32,22): error TS2339: Property 'contact' does not exist on type 'DynamicClientExtensionThis<TypeMap<InternalArgs & { result: {}; model: { $allModels: { aggregate: () => <This, FormalArgs extends _prisma_client_runtime_client.Args<This, "aggregate"> & PrismaCacheStrategy, const ActualArgs extends FormalArgs>(this: This, args: { [key in keyof ActualArgs]: key extends keyof FormalAr...'.
app/store/dashboard/contact/actions.ts(43,22): error TS2339: Property 'contact' does not exist on type 'DynamicClientExtensionThis<TypeMap<InternalArgs & { result: {}; model: { $allModels: { aggregate: () => <This, FormalArgs extends _prisma_client_runtime_client.Args<This, "aggregate"> & PrismaCacheStrategy, const ActualArgs extends FormalArgs>(this: This, args: { [key in keyof ActualArgs]: key extends keyof FormalAr...'.
app/store/dashboard/products/export/actions.ts(13,24): error TS2353: Object literal may only specify known properties, and 'category' does not exist in type 'ProductInclude<InternalArgs & { result: {}; model: { $allModels: { aggregate: () => <This, FormalArgs extends _prisma_client_runtime_client.Args<This, "aggregate"> & PrismaCacheStrategy, const ActualArgs extends FormalArgs>(this: This, args: { [key in keyof ActualArgs]: key extends keyof FormalArgs ? ActualArgs[key]...'.
app/store/search-actions.ts(59,17): error TS2353: Object literal may only specify known properties, and 'category' does not exist in type 'ProductSelect<InternalArgs & { result: {}; model: { $allModels: { aggregate: () => <This, FormalArgs extends _prisma_client_runtime_client.Args<This, "aggregate"> & PrismaCacheStrategy, const ActualArgs extends FormalArgs>(this: This, args: { [key in keyof ActualArgs]: key extends keyof FormalArgs ? ActualArgs[key] ...'.
components/dashboard/DashboardStats.tsx(22,11): error TS2322: Type '"COMPLETED"' is not assignable to type 'PaymentStatus | EnumPaymentStatusFilter<"Payment"> | undefined'.
components/features/ScrollController.tsx(5,24): error TS2307: Cannot find module '../layout/Navbar' or its corresponding type declarations.
components/layout/TextPageLayout.tsx(4,24): error TS2307: Cannot find module './Navbar' or its corresponding type declarations.
components/storefront/ReviewList.tsx(9,20): error TS2561: Object literal may only specify known properties, but 'User' does not exist in type 'ReviewInclude<InternalArgs & { result: {}; model: { $allModels: { aggregate: () => <This, FormalArgs extends _prisma_client_runtime_client.Args<This, "aggregate"> & PrismaCacheStrategy, const ActualArgs extends FormalArgs>(this: This, args: { [key in keyof ActualArgs]: key extends keyof FormalArgs ? ActualArgs[key] ...'. Did you mean to write 'user'?
lib/ai/alerts.ts(54,20): error TS2561: Object literal may only specify known properties, but 'Product' does not exist in type 'ReviewInclude<InternalArgs & { result: {}; model: { $allModels: { aggregate: () => <This, FormalArgs extends _prisma_client_runtime_client.Args<This, "aggregate"> & PrismaCacheStrategy, const ActualArgs extends FormalArgs>(this: This, args: { [key in keyof ActualArgs]: key extends keyof FormalArgs ? ActualArgs[key] ...'. Did you mean to write 'product'?
lib/ai/alerts.ts(90,82): error TS2551: Property 'Product' does not exist on type '{ id: string; createdAt: Date; userId: string; rating: number; comment: string | null; productId: string; }'. Did you mean 'productId'?
lib/cached-data.ts(23,17): error TS2353: Object literal may only specify known properties, and 'category' does not exist in type 'ProductSelect<InternalArgs & { result: {}; model: { $allModels: { aggregate: () => <This, FormalArgs extends _prisma_client_runtime_client.Args<This, "aggregate"> & PrismaCacheStrategy, const ActualArgs extends FormalArgs>(this: This, args: { [key in keyof ActualArgs]: key extends keyof FormalArgs ? ActualArgs[key] ...'.
lib/price-alerts.ts(52,29): error TS2339: Property 'user' does not exist on type '{ id: string; createdAt: Date; userId: string; productId: string; addedPrice: number; lastNotifiedPrice: number | null; }'.
lib/price-alerts.ts(53,28): error TS2339: Property 'user' does not exist on type '{ id: string; createdAt: Date; userId: string; productId: string; addedPrice: number; lastNotifiedPrice: number | null; }'.
lib/price-alerts.ts(59,22): error TS2551: Property 'product' does not exist on type '{ id: string; createdAt: Date; userId: string; productId: string; addedPrice: number; lastNotifiedPrice: number | null; }'. Did you mean 'productId'?
lib/price-alerts.ts(60,24): error TS2551: Property 'product' does not exist on type '{ id: string; createdAt: Date; userId: string; productId: string; addedPrice: number; lastNotifiedPrice: number | null; }'. Did you mean 'productId'?
lib/price-alerts.ts(62,28): error TS2551: Property 'product' does not exist on type '{ id: string; createdAt: Date; userId: string; productId: string; addedPrice: number; lastNotifiedPrice: number | null; }'. Did you mean 'productId'?
lib/price-alerts.ts(63,25): error TS2551: Property 'product' does not exist on type '{ id: string; createdAt: Date; userId: string; productId: string; addedPrice: number; lastNotifiedPrice: number | null; }'. Did you mean 'productId'?
modules/orders/orders.service.ts(46,17): error TS2561: Object literal may only specify known properties, but 'shippingPhone' does not exist in type 'Without<OrderCreateInput, OrderUncheckedCreateInput> & OrderUncheckedCreateInput'. Did you mean to write 'shippingName'?
